** Drc report for MY_POWERFULL_PLC_PCB.kicad_pcb **
** Created on 2026-04-28T11:30:33 **
** Report includes: Errors **

** Found 74 DRC violations **
[courtyards_overlap]: Courtyards overlap
    Rule: board setup constraints courtyard; error
    @(135.4000 mm, 33.0500 mm): Footprint J14
    @(162.6031 mm, 25.8123 mm): Footprint U6
[clearance]: Clearance violation (netclass 'FIELD_24V' clearance 0.5000 mm; actual 0.3718 mm)
    Rule: netclass 'FIELD_24V'; error
    @(69.5488 mm, 111.4000 mm): Track [Net-(R42-Pad1)] on B.Cu, length 0.6364 mm
    @(68.8863 mm, 112.3500 mm): Pad 3 [FIELD_GND] of U25 on B.Cu
[clearance]: Clearance violation (netclass 'FIELD_24V' clearance 0.5000 mm; actual 0.4159 mm)
    Rule: netclass 'FIELD_24V'; error
    @(69.9988 mm, 112.9125 mm): Track [Net-(R42-Pad1)] on B.Cu, length 1.6794 mm
    @(68.8863 mm, 112.3500 mm): Pad 3 [FIELD_GND] of U25 on B.Cu
[clearance]: Clearance violation (netclass 'FIELD_24V' clearance 0.5000 mm; actual 0.3500 mm)
    Rule: netclass 'FIELD_24V'; error
    @(63.4328 mm, 112.3500 mm): Via [FIELD_GND] on F.Cu - B.Cu
    @(63.4328 mm, 111.4000 mm): Pad 2 [Net-(R46-Pad1)] of U27 on B.Cu
[clearance]: Clearance violation (netclass 'FIELD_24V' clearance 0.5000 mm; actual 0.4001 mm)
    Rule: netclass 'FIELD_24V'; error
    @(150.6899 mm, 142.7175 mm): Track [/01_POWER_INPUT/24V_Protected] on B.Cu, length 6.6376 mm
    @(151.6400 mm, 141.9600 mm): Via [FIELD_GND] on F.Cu - B.Cu
[clearance]: Clearance violation (netclass 'FIELD_24V' clearance 0.5000 mm; actual 0.3000 mm)
    Rule: netclass 'FIELD_24V'; error
    @(69.9988 mm, 111.8500 mm): Track [Net-(R42-Pad1)] on B.Cu, length 1.0625 mm
    @(68.8863 mm, 112.3500 mm): Pad 3 [FIELD_GND] of U25 on B.Cu
[clearance]: Clearance violation (netclass 'FIELD_24V' clearance 0.5000 mm; actual 0.4225 mm)
    Rule: netclass 'FIELD_24V'; error
    @(151.5800 mm, 140.4400 mm): Via [FIELD_GND] on F.Cu - B.Cu
    @(156.3399 mm, 139.2175 mm): Track [+5V] on F.Cu, length 5.6000 mm
[clearance]: Clearance violation (netclass 'FIELD_24V' clearance 0.5000 mm; actual 0.3500 mm)
    Rule: netclass 'FIELD_24V'; error
    @(74.1988 mm, 111.3500 mm): Pad 2 [Net-(R38-Pad1)] of U23 on B.Cu
    @(74.1988 mm, 112.3000 mm): Via [FIELD_GND] on F.Cu - B.Cu
[clearance]: Clearance violation (netclass 'FIELD_24V' clearance 0.5000 mm; actual 0.3401 mm)
    Rule: netclass 'FIELD_24V'; error
    @(151.5800 mm, 140.4400 mm): Via [FIELD_GND] on F.Cu - B.Cu
    @(150.6899 mm, 142.7175 mm): Track [/01_POWER_INPUT/24V_Protected] on B.Cu, length 6.6376 mm
[clearance]: Clearance violation (netclass 'FIELD_24V' clearance 0.5000 mm; actual 0.3500 mm)
    Rule: netclass 'FIELD_24V'; error
    @(94.7863 mm, 111.4000 mm): Pad 2 [Net-(R22-Pad1)] of U15 on B.Cu
    @(94.7863 mm, 112.3500 mm): Via [FIELD_GND] on F.Cu - B.Cu
[clearance]: Clearance violation (netclass 'FIELD_24V' clearance 0.5000 mm; actual 0.3601 mm)
    Rule: netclass 'FIELD_24V'; error
    @(150.6899 mm, 142.7175 mm): Track [/01_POWER_INPUT/24V_Protected] on B.Cu, length 6.6376 mm
    @(151.6000 mm, 141.2800 mm): Via [FIELD_GND] on F.Cu - B.Cu
[clearance]: Clearance violation (netclass 'FIELD_24V' clearance 0.5000 mm; actual 0.3500 mm)
    Rule: netclass 'FIELD_24V'; error
    @(100.6488 mm, 112.0266 mm): Track [Net-(R18-Pad1)] on B.Cu, length 0.9359 mm
    @(99.4863 mm, 112.4500 mm): Pad 3 [FIELD_GND] of U13 on B.Cu
[clearance]: Clearance violation (netclass 'FIELD_24V' clearance 0.5000 mm; actual 0.4159 mm)
    Rule: netclass 'FIELD_24V'; error
    @(99.4863 mm, 112.4500 mm): Pad 3 [FIELD_GND] of U13 on B.Cu
    @(100.6488 mm, 112.9625 mm): Track [Net-(R18-Pad1)] on B.Cu, length 1.7501 mm
[clearance]: Clearance violation (netclass 'FIELD_24V' clearance 0.5000 mm; actual 0.3500 mm)
    Rule: netclass 'FIELD_24V'; error
    @(89.5113 mm, 111.3500 mm): Pad 2 [Net-(R26-Pad1)] of U17 on B.Cu
    @(89.5113 mm, 112.3000 mm): Via [FIELD_GND] on F.Cu - B.Cu
[clearance]: Clearance violation (netclass 'FIELD_24V' clearance 0.5000 mm; actual 0.3529 mm)
    Rule: netclass 'FIELD_24V'; error
    @(99.4863 mm, 112.4500 mm): Pad 3 [FIELD_GND] of U13 on B.Cu
    @(100.1222 mm, 111.5000 mm): Track [Net-(R18-Pad1)] on B.Cu, length 0.7447 mm
[clearance]: Clearance violation (netclass 'FIELD_24V' clearance 0.5000 mm; actual 0.3029 mm)
    Rule: netclass 'FIELD_24V'; error
    @(84.7515 mm, 111.3000 mm): Track [Net-(R30-Pad1)] on B.Cu, length 0.7740 mm
    @(84.1863 mm, 112.2500 mm): Pad 3 [FIELD_GND] of U19 on B.Cu
[clearance]: Clearance violation (netclass 'FIELD_24V' clearance 0.5000 mm; actual 0.4159 mm)
    Rule: netclass 'FIELD_24V'; error
    @(84.1863 mm, 112.2500 mm): Pad 3 [FIELD_GND] of U19 on B.Cu
    @(85.2988 mm, 112.8125 mm): Track [Net-(R30-Pad1)] on B.Cu, length 1.6794 mm
[clearance]: Clearance violation (netclass 'FIELD_24V' clearance 0.5000 mm; actual 0.3000 mm)
    Rule: netclass 'FIELD_24V'; error
    @(67.7738 mm, 110.9973 mm): Track [FIELD_GND] on B.Cu, length 1.8223 mm
    @(68.8863 mm, 110.4500 mm): Pad 1 [unconnected-(U25-NC-Pad1)] of U25 on B.Cu
[clearance]: Clearance violation (netclass 'FIELD_24V' clearance 0.5000 mm; actual 0.3000 mm)
    Rule: netclass 'FIELD_24V'; error
    @(84.1863 mm, 112.2500 mm): Pad 3 [FIELD_GND] of U19 on B.Cu
    @(85.2988 mm, 111.8473 mm): Track [Net-(R30-Pad1)] on B.Cu, length 0.9652 mm
[clearance]: Clearance violation (netclass 'FIELD_24V' clearance 0.5000 mm; actual 0.4206 mm)
    Rule: netclass 'FIELD_24V'; error
    @(152.0340 mm, 137.6375 mm): Pad 1 [FIELD_GND] of U29 on B.Cu
    @(152.0340 mm, 136.6875 mm): Track [Net-(U29-SW)] on B.Cu, length 0.8310 mm
[clearance]: Clearance violation (netclass 'FIELD_24V' clearance 0.5000 mm; actual 0.4499 mm)
    Rule: netclass 'FIELD_24V'; error
    @(152.8899 mm, 142.3175 mm): Track [Net-(U29-SW)] on B.Cu, length 0.9000 mm
    @(151.6400 mm, 141.9600 mm): Via [FIELD_GND] on F.Cu - B.Cu
[clearance]: Clearance violation (netclass 'FIELD_24V' clearance 0.5000 mm; actual 0.4571 mm)
    Rule: netclass 'FIELD_24V'; error
    @(152.0340 mm, 137.6375 mm): Pad 1 [FIELD_GND] of U29 on B.Cu
    @(152.8650 mm, 136.6875 mm): Track [Net-(U29-SW)] on B.Cu, length 0.8553 mm
[clearance]: Clearance violation (netclass 'FIELD_24V' clearance 0.5000 mm; actual 0.4972 mm)
    Rule: netclass 'FIELD_24V'; error
    @(151.6000 mm, 141.2800 mm): Via [FIELD_GND] on F.Cu - B.Cu
    @(152.8899 mm, 141.4175 mm): Track [Net-(U29-SW)] on B.Cu, length 0.1131 mm
[clearance]: Clearance violation (netclass 'FIELD_24V' clearance 0.5000 mm; actual 0.3500 mm)
    Rule: netclass 'FIELD_24V'; error
    @(84.1863 mm, 112.2500 mm): Via [FIELD_GND] on F.Cu - B.Cu
    @(84.1863 mm, 111.3000 mm): Pad 2 [Net-(R30-Pad1)] of U19 on B.Cu
[clearance]: Clearance violation (netclass 'FIELD_24V' clearance 0.5000 mm; actual 0.3500 mm)
    Rule: netclass 'FIELD_24V'; error
    @(79.2113 mm, 112.3000 mm): Via [FIELD_GND] on F.Cu - B.Cu
    @(79.2113 mm, 111.3500 mm): Pad 2 [Net-(R34-Pad1)] of U21 on B.Cu
[clearance]: Clearance violation (netclass 'FIELD_24V' clearance 0.5000 mm; actual 0.3500 mm)
    Rule: netclass 'FIELD_24V'; error
    @(92.9249 mm, 124.3800 mm): Pad 1 [FIELD_GND] of U1 on F.Cu
    @(88.4249 mm, 122.3800 mm): Track [/AD7606_SCK] on F.Cu, length 13.1200 mm
[clearance]: Clearance violation (netclass 'FIELD_24V' clearance 0.5000 mm; actual 0.3500 mm)
    Rule: netclass 'FIELD_24V'; error
    @(68.8863 mm, 111.4000 mm): Pad 2 [Net-(R42-Pad1)] of U25 on B.Cu
    @(68.8863 mm, 112.3500 mm): Via [FIELD_GND] on F.Cu - B.Cu
[clearance]: Clearance violation (netclass 'FIELD_24V' clearance 0.5000 mm; actual 0.3500 mm)
    Rule: netclass 'FIELD_24V'; error
    @(99.4863 mm, 112.4500 mm): Via [FIELD_GND] on F.Cu - B.Cu
    @(99.4863 mm, 111.5000 mm): Pad 2 [Net-(R18-Pad1)] of U13 on B.Cu
[clearance]: Clearance violation (netclass 'FIELD_24V' clearance 0.5000 mm; actual 0.3400 mm)
    Rule: netclass 'FIELD_24V'; error
    @(122.5000 mm, 141.1599 mm): Track [/ETH_TXD1] on B.Cu, length 12.7399 mm
    @(121.1600 mm, 139.5850 mm): PTH pad 1 [FIELD_GND] of J6
[clearance]: Clearance violation (netclass 'FIELD_24V' clearance 0.5000 mm; actual 0.2650 mm)
    Rule: netclass 'FIELD_24V'; error
    @(135.5500 mm, 114.7850 mm): PTH pad 1 [FIELD_GND] of J9
    @(122.5000 mm, 128.4200 mm): Track [/ETH_TXD1] on B.Cu, length 17.4938 mm
[clearance]: Clearance violation (netclass 'FIELD_24V' clearance 0.5000 mm; actual 0.2650 mm)
    Rule: netclass 'FIELD_24V'; error
    @(135.5500 mm, 114.7850 mm): PTH pad 1 [FIELD_GND] of J9
    @(134.8700 mm, 116.0500 mm): Track [/ETH_TXD1] on B.Cu, length 1.9800 mm
[clearance]: Clearance violation (netclass 'FIELD_24V' clearance 0.5000 mm; actual 0.4621 mm)
    Rule: netclass 'FIELD_24V'; error
    @(135.5500 mm, 114.7850 mm): PTH pad 1 [FIELD_GND] of J9
    @(136.8500 mm, 116.0500 mm): Track [/ETH_TXD1] on B.Cu, length 1.7324 mm
[clearance]: Clearance violation (netclass 'FIELD_24V' clearance 0.5000 mm; actual 0.4159 mm)
    Rule: netclass 'FIELD_24V'; error
    @(94.7863 mm, 112.3500 mm): Pad 3 [FIELD_GND] of U15 on B.Cu
    @(95.8988 mm, 112.9125 mm): Track [Net-(R22-Pad1)] on B.Cu, length 1.6794 mm
[clearance]: Clearance violation (netclass 'FIELD_24V' clearance 0.5000 mm; actual 0.3718 mm)
    Rule: netclass 'FIELD_24V'; error
    @(94.7863 mm, 112.3500 mm): Pad 3 [FIELD_GND] of U15 on B.Cu
    @(95.4488 mm, 111.4000 mm): Track [Net-(R22-Pad1)] on B.Cu, length 0.6364 mm
[clearance]: Clearance violation (netclass 'FIELD_24V' clearance 0.5000 mm; actual 0.3000 mm)
    Rule: netclass 'FIELD_24V'; error
    @(94.7863 mm, 112.3500 mm): Pad 3 [FIELD_GND] of U15 on B.Cu
    @(95.8988 mm, 111.8500 mm): Track [Net-(R22-Pad1)] on B.Cu, length 1.0625 mm
[clearance]: Clearance violation (netclass 'FIELD_24V' clearance 0.5000 mm; actual 0.4159 mm)
    Rule: netclass 'FIELD_24V'; error
    @(79.2113 mm, 112.3000 mm): Pad 3 [FIELD_GND] of U21 on B.Cu
    @(80.3238 mm, 112.8625 mm): Track [Net-(R34-Pad1)] on B.Cu, length 1.6794 mm
[clearance]: Clearance violation (netclass 'FIELD_24V' clearance 0.5000 mm; actual 0.3718 mm)
    Rule: netclass 'FIELD_24V'; error
    @(79.2113 mm, 112.3000 mm): Pad 3 [FIELD_GND] of U21 on B.Cu
    @(79.8738 mm, 111.3500 mm): Track [Net-(R34-Pad1)] on B.Cu, length 0.6364 mm
[clearance]: Clearance violation (netclass 'FIELD_24V' clearance 0.5000 mm; actual 0.3000 mm)
    Rule: netclass 'FIELD_24V'; error
    @(79.2113 mm, 112.3000 mm): Pad 3 [FIELD_GND] of U21 on B.Cu
    @(80.3238 mm, 111.8000 mm): Track [Net-(R34-Pad1)] on B.Cu, length 1.0625 mm
[clearance]: Clearance violation (netclass 'FIELD_24V' clearance 0.5000 mm; actual 0.2500 mm)
    Rule: netclass 'FIELD_24V'; error
    @(57.4799 mm, 117.1800 mm): Pad 3 [FIELD_GND] of U2 on B.Cu
    @(58.5424 mm, 119.8774 mm): Track [+3V3] on B.Cu, length 5.1650 mm
[clearance]: Clearance violation (netclass 'FIELD_24V' clearance 0.5000 mm; actual 0.3000 mm)
    Rule: netclass 'FIELD_24V'; error
    @(90.6238 mm, 111.8000 mm): Track [Net-(R26-Pad1)] on B.Cu, length 1.0625 mm
    @(89.5113 mm, 112.3000 mm): Pad 3 [FIELD_GND] of U17 on B.Cu
[clearance]: Clearance violation (netclass 'FIELD_24V' clearance 0.5000 mm; actual 0.3051 mm)
    Rule: netclass 'FIELD_24V'; error
    @(132.5549 mm, 141.2650 mm): Track [/ETH_MDIO] on B.Cu, length 3.9828 mm
    @(133.8600 mm, 139.5850 mm): PTH pad 11 [FIELD_GND] of J6
[clearance]: Clearance violation (netclass 'FIELD_24V' clearance 0.5000 mm; actual 0.4159 mm)
    Rule: netclass 'FIELD_24V'; error
    @(90.6238 mm, 112.8625 mm): Track [Net-(R26-Pad1)] on B.Cu, length 1.6794 mm
    @(89.5113 mm, 112.3000 mm): Pad 3 [FIELD_GND] of U17 on B.Cu
[clearance]: Clearance violation (netclass 'FIELD_24V' clearance 0.5000 mm; actual 0.3718 mm)
    Rule: netclass 'FIELD_24V'; error
    @(90.1738 mm, 111.3500 mm): Track [Net-(R26-Pad1)] on B.Cu, length 0.6364 mm
    @(89.5113 mm, 112.3000 mm): Pad 3 [FIELD_GND] of U17 on B.Cu
[clearance]: Clearance violation (netclass 'FIELD_24V' clearance 0.5000 mm; actual 0.2719 mm)
    Rule: netclass 'FIELD_24V'; error
    @(75.5450 mm, 125.1850 mm): PTH pad 46 [FIELD_GND] of J3
    @(76.8131 mm, 126.4569 mm): Track [+3V3] on B.Cu, length 22.0938 mm
[clearance]: Clearance violation (netclass 'FIELD_24V' clearance 0.5000 mm; actual 0.3000 mm)
    Rule: netclass 'FIELD_24V'; error
    @(64.5453 mm, 111.9473 mm): Track [Net-(R46-Pad1)] on B.Cu, length 0.9652 mm
    @(63.4328 mm, 112.3500 mm): Pad 3 [FIELD_GND] of U27 on B.Cu
[clearance]: Clearance violation (netclass 'FIELD_24V' clearance 0.5000 mm; actual 0.2700 mm)
    Rule: netclass 'FIELD_24V'; error
    @(136.8200 mm, 133.0171 mm): Track [/ETH_MDIO] on B.Cu, length 6.7771 mm
    @(138.0900 mm, 127.4850 mm): PTH pad 12 [FIELD_GND] of J9
[clearance]: Clearance violation (netclass 'FIELD_24V' clearance 0.5000 mm; actual 0.3029 mm)
    Rule: netclass 'FIELD_24V'; error
    @(63.9979 mm, 111.4000 mm): Track [Net-(R46-Pad1)] on B.Cu, length 0.7740 mm
    @(63.4328 mm, 112.3500 mm): Pad 3 [FIELD_GND] of U27 on B.Cu
[clearance]: Clearance violation (netclass 'FIELD_24V' clearance 0.5000 mm; actual 0.4159 mm)
    Rule: netclass 'FIELD_24V'; error
    @(63.4328 mm, 112.3500 mm): Pad 3 [FIELD_GND] of U27 on B.Cu
    @(64.5453 mm, 112.9125 mm): Track [Net-(R46-Pad1)] on B.Cu, length 1.6794 mm
[clearance]: Clearance violation (netclass 'FIELD_24V' clearance 0.5000 mm; actual 0.3000 mm)
    Rule: netclass 'FIELD_24V'; error
    @(74.1988 mm, 112.3000 mm): Pad 3 [FIELD_GND] of U23 on B.Cu
    @(75.3113 mm, 111.8973 mm): Track [Net-(R38-Pad1)] on B.Cu, length 0.9652 mm
[clearance]: Clearance violation (netclass 'FIELD_24V' clearance 0.5000 mm; actual 0.3029 mm)
    Rule: netclass 'FIELD_24V'; error
    @(74.1988 mm, 112.3000 mm): Pad 3 [FIELD_GND] of U23 on B.Cu
    @(74.7640 mm, 111.3500 mm): Track [Net-(R38-Pad1)] on B.Cu, length 0.7740 mm
[clearance]: Clearance violation (netclass 'FIELD_24V' clearance 0.5000 mm; actual 0.4159 mm)
    Rule: netclass 'FIELD_24V'; error
    @(74.1988 mm, 112.3000 mm): Pad 3 [FIELD_GND] of U23 on B.Cu
    @(75.3113 mm, 112.8625 mm): Track [Net-(R38-Pad1)] on B.Cu, length 1.6794 mm
[clearance]: Clearance violation (netclass 'FIELD_24V' clearance 0.5000 mm; actual 0.3500 mm)
    Rule: netclass 'FIELD_24V'; error
    @(45.4256 mm, 116.2300 mm): Pad 2 [/DI_FAST_GROUP/DI_Fast_Module3/DI_RAW] of U7 on B.Cu
    @(45.4256 mm, 117.1800 mm): Pad 3 [FIELD_GND] of U7 on B.Cu
[clearance]: Clearance violation (netclass 'FIELD_24V' clearance 0.5000 mm; actual 0.3500 mm)
    Rule: netclass 'FIELD_24V'; error
    @(57.4799 mm, 116.2300 mm): Pad 2 [/DI_FAST_GROUP/DI_Fast_Module/DI_RAW] of U2 on B.Cu
    @(57.4799 mm, 117.1800 mm): Pad 3 [FIELD_GND] of U2 on B.Cu
[clearance]: Clearance violation (netclass 'FIELD_24V' clearance 0.5000 mm; actual 0.3500 mm)
    Rule: netclass 'FIELD_24V'; error
    @(33.3713 mm, 116.2300 mm): Pad 2 [/DI_FAST_GROUP/DI_Fast_Module5/DI_RAW] of U11 on B.Cu
    @(33.3713 mm, 117.1800 mm): Pad 3 [FIELD_GND] of U11 on B.Cu
[clearance]: Clearance violation (netclass 'FIELD_24V' clearance 0.5000 mm; actual 0.3500 mm)
    Rule: netclass 'FIELD_24V'; error
    @(68.8863 mm, 111.4000 mm): Pad 2 [Net-(R42-Pad1)] of U25 on B.Cu
    @(68.8863 mm, 112.3500 mm): Pad 3 [FIELD_GND] of U25 on B.Cu
[clearance]: Clearance violation (netclass 'FIELD_24V' clearance 0.5000 mm; actual 0.3500 mm)
    Rule: netclass 'FIELD_24V'; error
    @(94.7863 mm, 111.4000 mm): Pad 2 [Net-(R22-Pad1)] of U15 on B.Cu
    @(94.7863 mm, 112.3500 mm): Pad 3 [FIELD_GND] of U15 on B.Cu
[clearance]: Clearance violation (netclass 'FIELD_24V' clearance 0.5000 mm; actual 0.3500 mm)
    Rule: netclass 'FIELD_24V'; error
    @(68.6154 mm, 138.4700 mm): Pad 5 [FIELD_GND] of U35 on B.Cu
    @(68.6154 mm, 139.4200 mm): Pad 6 [Net-(U35-IN+)] of U35 on B.Cu
[clearance]: Clearance violation (netclass 'FIELD_24V' clearance 0.5000 mm; actual 0.3500 mm)
    Rule: netclass 'FIELD_24V'; error
    @(99.3986 mm, 138.4700 mm): Pad 5 [FIELD_GND] of U39 on B.Cu
    @(99.3986 mm, 139.4200 mm): Pad 6 [Net-(U39-IN+)] of U39 on B.Cu
[clearance]: Clearance violation (netclass 'FIELD_24V' clearance 0.5000 mm; actual 0.3500 mm)
    Rule: netclass 'FIELD_24V'; error
    @(63.3674 mm, 140.1229 mm): Pad 6 [Net-(U33-IN+)] of U33 on F.Cu
    @(63.3674 mm, 139.1729 mm): Pad 5 [FIELD_GND] of U33 on F.Cu
[clearance]: Clearance violation (netclass 'FIELD_24V' clearance 0.5000 mm; actual 0.3500 mm)
    Rule: netclass 'FIELD_24V'; error
    @(115.0154 mm, 138.4700 mm): Pad 5 [FIELD_GND] of U40 on B.Cu
    @(115.0154 mm, 139.4200 mm): Pad 6 [Net-(U40-IN+)] of U40 on B.Cu
[clearance]: Clearance violation (netclass 'FIELD_24V' clearance 0.5000 mm; actual 0.3500 mm)
    Rule: netclass 'FIELD_24V'; error
    @(27.3442 mm, 116.2300 mm): Pad 2 [/DI_FAST_GROUP/DI_Fast_Module6/DI_RAW] of U31 on B.Cu
    @(27.3442 mm, 117.1800 mm): Pad 3 [FIELD_GND] of U31 on B.Cu
[clearance]: Clearance violation (netclass 'FIELD_24V' clearance 0.5000 mm; actual 0.3500 mm)
    Rule: netclass 'FIELD_24V'; error
    @(84.1863 mm, 111.3000 mm): Pad 2 [Net-(R30-Pad1)] of U19 on B.Cu
    @(84.1863 mm, 112.2500 mm): Pad 3 [FIELD_GND] of U19 on B.Cu
[clearance]: Clearance violation (netclass 'FIELD_24V' clearance 0.5000 mm; actual 0.3912 mm)
    Rule: netclass 'FIELD_24V'; error
    @(152.0340 mm, 137.6375 mm): Pad 1 [FIELD_GND] of U29 on B.Cu
    @(152.0340 mm, 136.6875 mm): Pad 2 [Net-(U29-SW)] of U29 on B.Cu
[clearance]: Clearance violation (netclass 'FIELD_24V' clearance 0.5000 mm; actual 0.3500 mm)
    Rule: netclass 'FIELD_24V'; error
    @(79.2113 mm, 111.3500 mm): Pad 2 [Net-(R34-Pad1)] of U21 on B.Cu
    @(79.2113 mm, 112.3000 mm): Pad 3 [FIELD_GND] of U21 on B.Cu
[clearance]: Clearance violation (netclass 'FIELD_24V' clearance 0.5000 mm; actual 0.3500 mm)
    Rule: netclass 'FIELD_24V'; error
    @(39.3985 mm, 116.2300 mm): Pad 2 [/DI_FAST_GROUP/DI_Fast_Module4/DI_RAW] of U9 on B.Cu
    @(39.3985 mm, 117.1800 mm): Pad 3 [FIELD_GND] of U9 on B.Cu
[clearance]: Clearance violation (netclass 'FIELD_24V' clearance 0.5000 mm; actual 0.3500 mm)
    Rule: netclass 'FIELD_24V'; error
    @(93.3868 mm, 139.1729 mm): Pad 5 [FIELD_GND] of U36 on F.Cu
    @(93.3868 mm, 140.1229 mm): Pad 6 [Net-(U36-IN+)] of U36 on F.Cu
[clearance]: Clearance violation (netclass 'FIELD_24V' clearance 0.5000 mm; actual 0.3500 mm)
    Rule: netclass 'FIELD_24V'; error
    @(63.4328 mm, 111.4000 mm): Pad 2 [Net-(R46-Pad1)] of U27 on B.Cu
    @(63.4328 mm, 112.3500 mm): Pad 3 [FIELD_GND] of U27 on B.Cu
[clearance]: Clearance violation (netclass 'FIELD_24V' clearance 0.5000 mm; actual 0.3500 mm)
    Rule: netclass 'FIELD_24V'; error
    @(99.4863 mm, 111.5000 mm): Pad 2 [Net-(R18-Pad1)] of U13 on B.Cu
    @(99.4863 mm, 112.4500 mm): Pad 3 [FIELD_GND] of U13 on B.Cu
[clearance]: Clearance violation (netclass 'FIELD_24V' clearance 0.5000 mm; actual 0.3500 mm)
    Rule: netclass 'FIELD_24V'; error
    @(89.5113 mm, 111.3500 mm): Pad 2 [Net-(R26-Pad1)] of U17 on B.Cu
    @(89.5113 mm, 112.3000 mm): Pad 3 [FIELD_GND] of U17 on B.Cu
[clearance]: Clearance violation (netclass 'FIELD_24V' clearance 0.5000 mm; actual 0.3500 mm)
    Rule: netclass 'FIELD_24V'; error
    @(108.5741 mm, 139.1729 mm): Pad 5 [FIELD_GND] of U38 on F.Cu
    @(108.5741 mm, 140.1229 mm): Pad 6 [Net-(U38-IN+)] of U38 on F.Cu
[clearance]: Clearance violation (netclass 'FIELD_24V' clearance 0.5000 mm; actual 0.3500 mm)
    Rule: netclass 'FIELD_24V'; error
    @(78.2571 mm, 139.1729 mm): Pad 5 [FIELD_GND] of U34 on F.Cu
    @(78.2571 mm, 140.1229 mm): Pad 6 [Net-(U34-IN+)] of U34 on F.Cu
[clearance]: Clearance violation (netclass 'FIELD_24V' clearance 0.5000 mm; actual 0.3500 mm)
    Rule: netclass 'FIELD_24V'; error
    @(74.1988 mm, 111.3500 mm): Pad 2 [Net-(R38-Pad1)] of U23 on B.Cu
    @(74.1988 mm, 112.3000 mm): Pad 3 [FIELD_GND] of U23 on B.Cu
[clearance]: Clearance violation (netclass 'FIELD_24V' clearance 0.5000 mm; actual 0.3500 mm)
    Rule: netclass 'FIELD_24V'; error
    @(84.0070 mm, 138.4700 mm): Pad 5 [FIELD_GND] of U37 on B.Cu
    @(84.0070 mm, 139.4200 mm): Pad 6 [Net-(U37-IN+)] of U37 on B.Cu
[clearance]: Clearance violation (netclass 'FIELD_24V' clearance 0.5000 mm; actual 0.3500 mm)
    Rule: netclass 'FIELD_24V'; error
    @(51.4528 mm, 116.2300 mm): Pad 2 [/DI_FAST_GROUP/DI_Fast_Module1/DI_RAW] of U4 on B.Cu
    @(51.4528 mm, 117.1800 mm): Pad 3 [FIELD_GND] of U4 on B.Cu

** Found 10 unconnected pads **
[unconnected_items]: Missing connection between items
    Local override; error
    @(111.4311 mm, 153.5724 mm): Track [/DO_OUT14] on F.Cu, length 4.2290 mm
    @(111.4311 mm, 147.2724 mm): Pad 2 [/DO_OUT14] of Q15 on F.Cu
[unconnected_items]: Missing connection between items
    Local override; error
    @(110.0049 mm, 146.2800 mm): Pad 2 [/DO_OUT16] of Q17 on B.Cu
    @(110.0049 mm, 152.5800 mm): Pad 2 [/DO_OUT16] of Q17 on B.Cu
[unconnected_items]: Missing connection between items
    Local override; error
    @(97.1838 mm, 147.2724 mm): Pad 2 [/DO_OUT12] of Q13 on F.Cu
    @(97.1838 mm, 153.5724 mm): Pad 2 [/DO_OUT12] of Q13 on F.Cu
[unconnected_items]: Missing connection between items
    Local override; error
    @(82.8541 mm, 153.7724 mm): Pad 2 [/DO_OUT10] of Q11 on F.Cu
    @(82.8541 mm, 147.4724 mm): Pad 2 [/DO_OUT10] of Q11 on F.Cu
[unconnected_items]: Missing connection between items
    Local override; error
    @(68.2844 mm, 153.6724 mm): Track [/DO_OUT9] on F.Cu, length 6.2277 mm
    @(68.2844 mm, 147.3724 mm): Pad 2 [/DO_OUT9] of Q10 on F.Cu
[unconnected_items]: Missing connection between items
    Local override; error
    @(66.7978 mm, 146.2800 mm): Pad 2 [/DO_OUT11] of Q12 on B.Cu
    @(66.7978 mm, 152.5800 mm): Track [/DO_OUT11] on B.Cu, length 0.8245 mm
[unconnected_items]: Missing connection between items
    Local override; error
    @(81.2251 mm, 152.4800 mm): Track [/DO_OUT13] on B.Cu, length 4.7296 mm
    @(81.2251 mm, 146.1800 mm): Pad 2 [/DO_OUT13] of Q14 on B.Cu
[unconnected_items]: Missing connection between items
    Local override; error
    @(95.9524 mm, 152.5800 mm): Track [/DO_OUT15] on B.Cu, length 5.5030 mm
    @(95.9524 mm, 146.2800 mm): Pad 2 [/DO_OUT15] of Q16 on B.Cu
[unconnected_items]: Missing connection between items
    Local override; error
    @(5.5701 mm, 83.4264 mm): Zone [FIELD_GND] on F.Cu and B.Cu, priority 2
    @(5.5701 mm, 83.4264 mm): Zone [FIELD_GND] on F.Cu and B.Cu, priority 2
[unconnected_items]: Missing connection between items
    Local override; error
    @(52.5850 mm, 42.5350 mm): Track [+5V_Core] on F.Cu, length 0.7000 mm
    @(52.5850 mm, 45.7750 mm): Track [+5V_Core] on B.Cu, length 3.4300 mm

** Found 0 Footprint errors **

** Ignored checks **
    - Footprint has no courtyard defined
    - Track endpoint not centered on via
    - Tuning profile track geometries
    - Footprint doesn't match symbol's footprint filters
    - PTH inside courtyard
    - NPTH inside courtyard
    - Footprint component type doesn't match footprint pads

** End of Report **
