** Drc report for MY_POWERFULL_PLC_PCB.kicad_pcb **
** Created on 2026-04-27T12:31:31 **
** Report includes: Errors **

** Found 64 DRC violations **
[copper_edge_clearance]: Board edge clearance violation (board setup constraints edge clearance 0.5000 mm; actual 0.4000 mm)
    Rule: board setup constraints edge; error
    @(14.0449 mm, 84.3000 mm): Rectangle on Edge.Cuts
    @(145.9349 mm, 169.6500 mm): Pad 1 [+24V] of D28 on B.Cu
[courtyards_overlap]: Courtyards overlap
    Rule: board setup constraints courtyard; error
    @(135.4000 mm, 33.0500 mm): Footprint J21
    @(162.6031 mm, 25.8123 mm): Footprint U6
[courtyards_overlap]: Courtyards overlap
    Rule: board setup constraints courtyard; error
    @(143.9738 mm, 32.3338 mm): Footprint J12
    @(162.6031 mm, 25.8123 mm): Footprint U6
[courtyards_overlap]: Courtyards overlap
    Rule: board setup constraints courtyard; error
    @(90.8830 mm, 167.5418 mm): Footprint D46
    @(87.4068 mm, 167.5418 mm): Footprint D44
[courtyards_overlap]: Courtyards overlap
    Rule: board setup constraints courtyard; error
    @(71.3592 mm, 167.5418 mm): Footprint D40
    @(74.7449 mm, 167.5418 mm): Footprint D43
[courtyards_overlap]: Courtyards overlap
    Rule: board setup constraints courtyard; error
    @(162.6031 mm, 25.8123 mm): Footprint U6
    @(143.9738 mm, 39.4638 mm): Footprint J13
[clearance]: Clearance violation (netclass 'Default' clearance 0.2000 mm; actual 0.1788 mm)
    Rule: netclass 'Default'; error
    @(42.4250 mm, 43.2350 mm): PTH pad 20 [/MCU_STM32/DO_SLOW_CTRL8] of J20
    @(41.9129 mm, 42.0800 mm): Track [/MCU_STM32/DI_IN9_LOGIC11] on F.Cu, length 1.1355 mm
[clearance]: Clearance violation (netclass 'PWR_3V3' clearance 0.2500 mm; actual 0.2150 mm)
    Rule: netclass 'PWR_3V3'; error
    @(136.8750 mm, 132.9621 mm): Track [/ETH_MDIO] on B.Cu, length 6.7771 mm
    @(138.0900 mm, 130.0250 mm): PTH pad 14 [+3V3] of J16
[clearance]: Clearance violation (netclass 'Default' clearance 0.2000 mm; actual 0.1859 mm)
    Rule: netclass 'Default'; error
    @(85.6050 mm, 43.2350 mm): PTH pad 54 [/MCU_STM32/AD7606_CONVST] of J20
    @(86.7800 mm, 42.8037 mm): Track [/MCU_STM32/AD7606_SCK] on B.Cu, length 28.3531 mm
[clearance]: Clearance violation (netclass 'Default' clearance 0.2000 mm; actual 0.1750 mm)
    Rule: netclass 'Default'; error
    @(53.9500 mm, 44.4800 mm): Track [/MCU_STM32/DO_PWM_CTRL1] on F.Cu, length 1.8329 mm
    @(55.1250 mm, 45.7750 mm): PTH pad 29 [/MCU_STM32/DI_SLOW_LOGIC8] of J20
[clearance]: Clearance violation (netclass 'Default' clearance 0.2000 mm; actual 0.1900 mm)
    Rule: netclass 'Default'; error
    @(56.4750 mm, 45.3779 mm): Track [/MCU_STM32/DO_SLOW_CTRL8] on B.Cu, length 5.2163 mm
    @(57.6650 mm, 45.7750 mm): PTH pad 31 [/MCU_STM32/DI_SLOW_LOGIC7] of J20
[clearance]: Clearance violation (netclass 'PWR_24V' clearance 0.5000 mm; actual 0.4000 mm)
    Rule: netclass 'PWR_24V'; error
    @(84.5449 mm, 95.4000 mm): Track [/DI_IN1] on B.Cu, length 3.5639 mm
    @(87.9549 mm, 92.8000 mm): PTH pad 16 [+24V] of J2
[clearance]: Clearance violation (netclass 'Default' clearance 0.2000 mm; actual 0.0950 mm)
    Rule: netclass 'Default'; error
    @(81.9949 mm, 128.9700 mm): Track [/AD7606_CS] on F.Cu, length 1.4086 mm
    @(83.1650 mm, 127.7250 mm): PTH pad 51 [/AD7606_RST] of J3
[clearance]: Clearance violation (netclass 'Default' clearance 0.2000 mm; actual 0.1176 mm)
    Rule: netclass 'Default'; error
    @(83.4035 mm, 128.9700 mm): Track [/AD7606_CS] on F.Cu, length 5.9963 mm
    @(83.1650 mm, 127.7250 mm): PTH pad 51 [/AD7606_RST] of J3
[clearance]: Clearance violation (netclass 'Default' clearance 0.2000 mm; actual 0.1550 mm)
    Rule: netclass 'Default'; error
    @(69.1900 mm, 44.6200 mm): Track [/MCU_STM32/DO_PWM_CTRL6] on F.Cu, length 4.2371 mm
    @(70.3650 mm, 45.7750 mm): PTH pad 41 [/MCU_STM32/DI_SLOW_LOGIC2] of J20
[clearance]: Clearance violation (netclass 'Default' clearance 0.2000 mm; actual 0.1750 mm)
    Rule: netclass 'Default'; error
    @(55.1250 mm, 43.2350 mm): PTH pad 30 [/MCU_STM32/DO_PWM_CTRL1] of J20
    @(53.9500 mm, 42.7829 mm): Track [/MCU_STM32/DO_PWM_CTRL5] on F.Cu, length 0.9900 mm
[clearance]: Clearance violation (netclass 'PWR_3V3' clearance 0.2500 mm; actual 0.2000 mm)
    Rule: netclass 'PWR_3V3'; error
    @(138.4371 mm, 49.4900 mm): Track [/MCU_STM32/ETH_RXD1] on F.Cu, length 2.4083 mm
    @(137.9400 mm, 48.2900 mm): PTH pad 14 [+3V3] of J21
[clearance]: Clearance violation (netclass 'Default' clearance 0.2000 mm; actual 0.1900 mm)
    Rule: netclass 'Default'; error
    @(61.5550 mm, 44.6750 mm): Track [/MCU_STM32/DO_PWM_CTRL3] on B.Cu, length 2.5200 mm
    @(62.7450 mm, 45.7750 mm): PTH pad 35 [/MCU_STM32/DI_SLOW_LOGIC5] of J20
[clearance]: Clearance violation (netclass 'Default' clearance 0.2000 mm; actual 0.1550 mm)
    Rule: netclass 'Default'; error
    @(42.4250 mm, 43.2350 mm): PTH pad 20 [/MCU_STM32/DO_SLOW_CTRL8] of J20
    @(47.5000 mm, 42.0800 mm): Track [/MCU_STM32/DI_IN9_LOGIC11] on F.Cu, length 5.5871 mm
[clearance]: Clearance violation (netclass 'Default' clearance 0.2000 mm; actual 0.1635 mm)
    Rule: netclass 'Default'; error
    @(72.9050 mm, 43.2350 mm): PTH pad 44 [/MCU_STM32/DO_PWM_CTRL8] of J20
    @(73.3985 mm, 42.0715 mm): Track [/MCU_STM32/DO_PWM_CTRL7] on B.Cu, length 1.8371 mm
[clearance]: Clearance violation (netclass 'FIELD_24V' clearance 0.5000 mm; actual 0.4206 mm)
    Rule: netclass 'FIELD_24V'; error
    @(152.0340 mm, 137.6375 mm): Pad 1 [FIELD_GND] of U29 on B.Cu
    @(152.0340 mm, 136.6875 mm): Track [Net-(U29-SW)] on B.Cu, length 0.8310 mm
[clearance]: Clearance violation (netclass 'Default' clearance 0.2000 mm; actual 0.1717 mm)
    Rule: netclass 'Default'; error
    @(72.9050 mm, 43.2350 mm): PTH pad 44 [/MCU_STM32/DO_PWM_CTRL8] of J20
    @(74.2215 mm, 42.8944 mm): Track [/MCU_STM32/DO_PWM_CTRL7] on B.Cu, length 1.1638 mm
[clearance]: Clearance violation (netclass 'FIELD_24V' clearance 0.5000 mm; actual 0.4571 mm)
    Rule: netclass 'FIELD_24V'; error
    @(152.0340 mm, 137.6375 mm): Pad 1 [FIELD_GND] of U29 on B.Cu
    @(152.8650 mm, 136.6875 mm): Track [Net-(U29-SW)] on B.Cu, length 0.8553 mm
[clearance]: Clearance violation (netclass 'PWR_3V3' clearance 0.2500 mm; actual 0.2000 mm)
    Rule: netclass 'PWR_3V3'; error
    @(135.4000 mm, 48.2900 mm): PTH pad 13 [+3V3] of J21
    @(130.9529 mm, 49.4900 mm): Track [/MCU_STM32/ETH_RXD1] on F.Cu, length 7.4842 mm
[clearance]: Clearance violation (netclass 'Default' clearance 0.2000 mm; actual 0.1750 mm)
    Rule: netclass 'Default'; error
    @(24.6450 mm, 45.7750 mm): PTH pad 5 [LOGIC_GND] of J20
    @(23.4700 mm, 57.6600 mm): Track [/MCU_STM32/DO_SLOW_CTRL1] on F.Cu, length 13.1800 mm
[clearance]: Clearance violation (netclass 'PWR_3V3' clearance 0.2500 mm; actual 0.2450 mm)
    Rule: netclass 'PWR_3V3'; error
    @(79.1600 mm, 44.4300 mm): Track [/MCU_STM32/AD7606_MISO] on B.Cu, length 1.8663 mm
    @(77.9850 mm, 43.2350 mm): PTH pad 48 [+3V3] of J20
[clearance]: Clearance violation (netclass 'Default' clearance 0.2000 mm; actual 0.1550 mm)
    Rule: netclass 'Default'; error
    @(39.8850 mm, 45.7750 mm): PTH pad 17 [/MCU_STM32/DI_IN9_LOGIC10] of J20
    @(40.2671 mm, 44.6200 mm): Track [/MCU_STM32/DI_IN9_LOGIC11] on F.Cu, length 1.6971 mm
[clearance]: Clearance violation (netclass 'Default' clearance 0.2000 mm; actual 0.1550 mm)
    Rule: netclass 'Default'; error
    @(59.3700 mm, 30.2100 mm): Track [/MCU_STM32/DI_IN9_LOGIC11] on F.Cu, length 16.7867 mm
    @(47.5050 mm, 43.2350 mm): PTH pad 24 [LOGIC_GND] of J20
[clearance]: Clearance violation (netclass 'PWR_3V3' clearance 0.2500 mm; actual 0.2000 mm)
    Rule: netclass 'PWR_3V3'; error
    @(139.4250 mm, 48.5021 mm): Track [/MCU_STM32/ETH_TXD0] on B.Cu, length 14.4079 mm
    @(137.9400 mm, 48.2900 mm): PTH pad 14 [+3V3] of J21
[clearance]: Clearance violation (netclass 'Default' clearance 0.2000 mm; actual 0.1859 mm)
    Rule: netclass 'Default'; error
    @(72.9050 mm, 45.7750 mm): PTH pad 43 [/MCU_STM32/DI_SLOW_LOGIC1] of J20
    @(73.4271 mm, 44.6200 mm): Track [/MCU_STM32/DO_PWM_CTRL6] on F.Cu, length 0.9941 mm
[clearance]: Clearance violation (netclass 'Default' clearance 0.2000 mm; actual 0.1505 mm)
    Rule: netclass 'Default'; error
    @(55.1250 mm, 43.2350 mm): PTH pad 30 [/MCU_STM32/DO_PWM_CTRL1] of J20
    @(54.6529 mm, 42.0800 mm): Track [/MCU_STM32/DO_PWM_CTRL5] on F.Cu, length 0.9941 mm
[clearance]: Clearance violation (netclass 'PWR_3V3' clearance 0.2500 mm; actual 0.1450 mm)
    Rule: netclass 'PWR_3V3'; error
    @(60.3050 mm, 125.1850 mm): PTH pad 34 [/DI_SLOW_LOGIC6] of J3
    @(76.8549 mm, 126.3300 mm): Track [+3V3] on B.Cu, length 22.1278 mm
[clearance]: Clearance violation (netclass 'PWR_3V3' clearance 0.2500 mm; actual 0.1617 mm)
    Rule: netclass 'PWR_3V3'; error
    @(54.7271 mm, 126.3300 mm): Track [+3V3] on B.Cu, length 1.0355 mm
    @(55.2250 mm, 125.1850 mm): PTH pad 30 [/DI_SLOW_LOGIC8] of J3
[clearance]: Clearance violation (netclass 'Default' clearance 0.2000 mm; actual 0.1859 mm)
    Rule: netclass 'Default'; error
    @(81.7000 mm, 42.8037 mm): Track [/MCU_STM32/AD7606_BUSY] on B.Cu, length 6.3479 mm
    @(80.5250 mm, 43.2350 mm): PTH pad 50 [/MCU_STM32/AD7606_CS] of J20
[clearance]: Clearance violation (netclass 'PWR_3V3' clearance 0.2500 mm; actual 0.2301 mm)
    Rule: netclass 'PWR_3V3'; error
    @(53.9949 mm, 125.5978 mm): Track [+3V3] on B.Cu, length 1.1729 mm
    @(55.2250 mm, 125.1850 mm): PTH pad 30 [/DI_SLOW_LOGIC8] of J3
[clearance]: Clearance violation (netclass 'PWR_24V' clearance 0.5000 mm; actual 0.4070 mm)
    Rule: netclass 'PWR_24V'; error
    @(88.1088 mm, 95.4000 mm): Track [/DI_IN1] on B.Cu, length 7.0110 mm
    @(87.9549 mm, 92.8000 mm): PTH pad 16 [+24V] of J2
[clearance]: Clearance violation (netclass 'Default' clearance 0.2000 mm; actual 0.1550 mm)
    Rule: netclass 'Default'; error
    @(53.1029 mm, 44.6200 mm): Track [/MCU_STM32/DO_PWM_CTRL5] on F.Cu, length 1.1300 mm
    @(52.5850 mm, 45.7750 mm): PTH pad 27 [+5V] of J20
[clearance]: Clearance violation (netclass 'Default' clearance 0.2000 mm; actual 0.1550 mm)
    Rule: netclass 'Default'; error
    @(55.1250 mm, 43.2350 mm): PTH pad 30 [/MCU_STM32/DO_PWM_CTRL1] of J20
    @(64.1100 mm, 42.0800 mm): Track [/MCU_STM32/DO_PWM_CTRL5] on F.Cu, length 9.4571 mm
[clearance]: Clearance violation (netclass 'Default' clearance 0.2000 mm; actual 0.1600 mm)
    Rule: netclass 'Default'; error
    @(135.0379 mm, 116.1650 mm): Track [/ETH_TXD1] on B.Cu, length 1.6971 mm
    @(135.5500 mm, 117.3250 mm): PTH pad 3 [/ETH_TXD0] of J16
[clearance]: Clearance violation (netclass 'Default' clearance 0.2000 mm; actual 0.1651 mm)
    Rule: netclass 'Default'; error
    @(123.7000 mm, 139.5850 mm): PTH pad 3 [/ETH_TXD0] of J11
    @(122.5349 mm, 141.1250 mm): Track [/ETH_TXD1] on B.Cu, length 12.4570 mm
[clearance]: Clearance violation (netclass 'Default' clearance 0.2000 mm; actual 0.1823 mm)
    Rule: netclass 'Default'; error
    @(122.5349 mm, 128.6680 mm): Track [/ETH_TXD1] on B.Cu, length 17.6820 mm
    @(135.5500 mm, 117.3250 mm): PTH pad 3 [/ETH_TXD0] of J16
[clearance]: Clearance violation (netclass 'Default' clearance 0.2000 mm; actual 0.1965 mm)
    Rule: netclass 'Default'; error
    @(70.3650 mm, 45.7750 mm): PTH pad 41 [/MCU_STM32/DI_SLOW_LOGIC2] of J20
    @(71.5615 mm, 55.9007 mm): Track [/MCU_STM32/DO_PWM_CTRL8] on B.Cu, length 11.2892 mm
[clearance]: Clearance violation (netclass 'Default' clearance 0.2000 mm; actual 0.1823 mm)
    Rule: netclass 'Default'; error
    @(124.9349 mm, 128.8080 mm): Track [/ETH_TX_EN] on B.Cu, length 14.2879 mm
    @(135.5500 mm, 119.8650 mm): PTH pad 5 [/ETH_RXD1] of J16
[clearance]: Clearance violation (netclass 'Default' clearance 0.2000 mm; actual 0.1600 mm)
    Rule: netclass 'Default'; error
    @(135.0379 mm, 118.7050 mm): Track [/ETH_TX_EN] on B.Cu, length 1.6971 mm
    @(135.5500 mm, 119.8650 mm): PTH pad 5 [/ETH_RXD1] of J16
[clearance]: Clearance violation (netclass 'Default' clearance 0.2000 mm; actual 0.1823 mm)
    Rule: netclass 'Default'; error
    @(127.4749 mm, 128.8080 mm): Track [/ETH_RXD0] on B.Cu, length 10.6958 mm
    @(135.5500 mm, 122.4050 mm): PTH pad 7 [/ETH_CRS_DV] of J16
[clearance]: Clearance violation (netclass 'Default' clearance 0.2000 mm; actual 0.1600 mm)
    Rule: netclass 'Default'; error
    @(135.0379 mm, 121.2450 mm): Track [/ETH_RXD0] on B.Cu, length 1.6971 mm
    @(135.5500 mm, 122.4050 mm): PTH pad 7 [/ETH_CRS_DV] of J16
[clearance]: Clearance violation (netclass 'Default' clearance 0.2000 mm; actual 0.1823 mm)
    Rule: netclass 'Default'; error
    @(135.5500 mm, 124.9450 mm): PTH pad 9 [/ETH_MDC] of J16
    @(130.0149 mm, 128.8080 mm): Track [/ETH_REF_CLK] on B.Cu, length 7.1037 mm
[clearance]: Clearance violation (netclass 'Default' clearance 0.2000 mm; actual 0.1600 mm)
    Rule: netclass 'Default'; error
    @(135.5500 mm, 124.9450 mm): PTH pad 9 [/ETH_MDC] of J16
    @(135.0379 mm, 123.7850 mm): Track [/ETH_REF_CLK] on B.Cu, length 1.6971 mm
[clearance]: Clearance violation (netclass 'FIELD_24V' clearance 0.5000 mm; actual 0.3912 mm)
    Rule: netclass 'FIELD_24V'; error
    @(152.0340 mm, 136.6875 mm): Pad 2 [Net-(U29-SW)] of U29 on B.Cu
    @(152.0340 mm, 137.6375 mm): Pad 1 [FIELD_GND] of U29 on B.Cu
[clearance]: Clearance violation (netclass 'FIELD_24V' clearance 0.5000 mm; actual 0.3500 mm)
    Rule: netclass 'FIELD_24V'; error
    @(88.7154 mm, 139.4200 mm): Pad 6 [Net-(U39-IN+)] of U39 on B.Cu
    @(88.7154 mm, 138.4700 mm): Pad 5 [FIELD_GND] of U39 on B.Cu
[clearance]: Clearance violation (netclass 'FIELD_24V' clearance 0.5000 mm; actual 0.3500 mm)
    Rule: netclass 'FIELD_24V'; error
    @(100.0154 mm, 139.4200 mm): Pad 6 [Net-(U40-IN+)] of U40 on B.Cu
    @(100.0154 mm, 138.4700 mm): Pad 5 [FIELD_GND] of U40 on B.Cu
[clearance]: Clearance violation (netclass 'FIELD_24V' clearance 0.5000 mm; actual 0.3500 mm)
    Rule: netclass 'FIELD_24V'; error
    @(70.2674 mm, 138.0000 mm): Pad 5 [FIELD_GND] of U34 on F.Cu
    @(70.2674 mm, 138.9500 mm): Pad 6 [Net-(U34-IN+)] of U34 on F.Cu
[clearance]: Clearance violation (netclass 'FIELD_24V' clearance 0.5000 mm; actual 0.3500 mm)
    Rule: netclass 'FIELD_24V'; error
    @(80.6474 mm, 138.2000 mm): Pad 5 [FIELD_GND] of U36 on F.Cu
    @(80.6474 mm, 139.1500 mm): Pad 6 [Net-(U36-IN+)] of U36 on F.Cu
[clearance]: Clearance violation (netclass 'FIELD_24V' clearance 0.5000 mm; actual 0.3500 mm)
    Rule: netclass 'FIELD_24V'; error
    @(67.6154 mm, 139.4200 mm): Pad 6 [Net-(U35-IN+)] of U35 on B.Cu
    @(67.6154 mm, 138.4700 mm): Pad 5 [FIELD_GND] of U35 on B.Cu
[clearance]: Clearance violation (netclass 'FIELD_24V' clearance 0.5000 mm; actual 0.3500 mm)
    Rule: netclass 'FIELD_24V'; error
    @(60.3674 mm, 138.1000 mm): Pad 5 [FIELD_GND] of U33 on F.Cu
    @(60.3674 mm, 139.0500 mm): Pad 6 [Net-(U33-IN+)] of U33 on F.Cu
[clearance]: Clearance violation (netclass 'FIELD_24V' clearance 0.5000 mm; actual 0.3500 mm)
    Rule: netclass 'FIELD_24V'; error
    @(91.1674 mm, 138.2000 mm): Pad 5 [FIELD_GND] of U38 on F.Cu
    @(91.1674 mm, 139.1500 mm): Pad 6 [Net-(U38-IN+)] of U38 on F.Cu
[clearance]: Clearance violation (netclass 'FIELD_24V' clearance 0.5000 mm; actual 0.3500 mm)
    Rule: netclass 'FIELD_24V'; error
    @(78.3154 mm, 139.5200 mm): Pad 6 [Net-(U37-IN+)] of U37 on B.Cu
    @(78.3154 mm, 138.5700 mm): Pad 5 [FIELD_GND] of U37 on B.Cu
[zones_intersect]: Copper zones intersect (intersecting zones must have distinct priorities)
    Local override; error
    @(103.2500 mm, 107.0000 mm): Zone [LOGIC_GND] on B.Cu, priority 3
    @(5.4000 mm, 106.8363 mm): Zone [LOGIC_GND] on B.Cu, priority 3
[annular_width]: Annular width (board setup constraints min annular width 0.1000 mm; actual 0.0000 mm)
    Rule: board setup constraints; error
    @(118.3149 mm, 102.8300 mm): PTH pad 39 [/AD7606_V5] of U1
[annular_width]: Annular width (board setup constraints min annular width 0.1000 mm; actual 0.0000 mm)
    Rule: board setup constraints; error
    @(118.3149 mm, 102.8300 mm): PTH pad 39 [/AD7606_V5] of U1
[annular_width]: Annular width (board setup constraints min annular width 0.1000 mm; actual 0.0000 mm)
    Rule: board setup constraints; error
    @(115.7749 mm, 105.3700 mm): PTH pad 38 [GND] of U1
[annular_width]: Annular width (board setup constraints min annular width 0.1000 mm; actual 0.0000 mm)
    Rule: board setup constraints; error
    @(115.7749 mm, 105.3700 mm): PTH pad 38 [GND] of U1
[annular_width]: Annular width (board setup constraints min annular width 0.1000 mm; actual 0.0000 mm)
    Rule: board setup constraints; error
    @(113.2349 mm, 102.8300 mm): PTH pad 35 [/AD7606_V3] of U1
[annular_width]: Annular width (board setup constraints min annular width 0.1000 mm; actual 0.0000 mm)
    Rule: board setup constraints; error
    @(113.2349 mm, 102.8300 mm): PTH pad 35 [/AD7606_V3] of U1

** Found 41 unconnected pads **
[unconnected_items]: Missing connection between items
    Local override; error
    @(132.1777 mm, 66.5000 mm): Track [+5V] on B.Cu, length 102.4077 mm
    @(52.5850 mm, 45.7750 mm): PTH pad 27 [+5V] of J20
[unconnected_items]: Missing connection between items
    Local override; error
    @(31.0963 mm, 108.8800 mm): Pad 1 [+5V] of C15 on B.Cu
    @(132.1777 mm, 66.5000 mm): Track [+5V] on B.Cu, length 102.4077 mm
[unconnected_items]: Missing connection between items
    Local override; error
    @(52.5850 mm, 45.7750 mm): PTH pad 27 [+5V] of J20
    @(52.5850 mm, 42.9459 mm): Track [+5V] on F.Cu, length 0.2891 mm
[unconnected_items]: Missing connection between items
    Local override; error
    @(25.0692 mm, 108.8800 mm): Track [+5V] on B.Cu, length 32.1357 mm
    @(93.7000 mm, 110.8250 mm): Track [+5V] on F.Cu, length 32.9712 mm
[unconnected_items]: Missing connection between items
    Local override; error
    @(5.5032 mm, 130.2789 mm): Zone [FIELD_GND] on B.Cu, priority 2
    @(5.5199 mm, 130.5344 mm): Zone [FIELD_GND] on F.Cu, priority 2
[unconnected_items]: Missing connection between items
    Local override; error
    @(5.5199 mm, 130.5344 mm): Zone [FIELD_GND] on F.Cu, priority 2
    @(5.5032 mm, 130.2789 mm): Zone [FIELD_GND] on B.Cu, priority 2
[unconnected_items]: Missing connection between items
    Local override; error
    @(5.5032 mm, 130.2789 mm): Zone [FIELD_GND] on B.Cu, priority 2
    @(5.5032 mm, 130.2789 mm): Zone [FIELD_GND] on B.Cu, priority 2
[unconnected_items]: Missing connection between items
    Local override; error
    @(5.5199 mm, 130.5344 mm): Zone [FIELD_GND] on F.Cu, priority 2
    @(5.5032 mm, 130.2789 mm): Zone [FIELD_GND] on B.Cu, priority 2
[unconnected_items]: Missing connection between items
    Local override; error
    @(5.5199 mm, 130.5344 mm): Zone [FIELD_GND] on F.Cu, priority 2
    @(5.5032 mm, 130.2789 mm): Zone [FIELD_GND] on B.Cu, priority 2
[unconnected_items]: Missing connection between items
    Local override; error
    @(5.5199 mm, 130.5344 mm): Zone [FIELD_GND] on F.Cu, priority 2
    @(5.5032 mm, 130.2789 mm): Zone [FIELD_GND] on B.Cu, priority 2
[unconnected_items]: Missing connection between items
    Local override; error
    @(5.5199 mm, 130.5344 mm): Zone [FIELD_GND] on F.Cu, priority 2
    @(5.5199 mm, 130.5344 mm): Zone [FIELD_GND] on F.Cu, priority 2
[unconnected_items]: Missing connection between items
    Local override; error
    @(5.5032 mm, 130.2789 mm): Zone [FIELD_GND] on B.Cu, priority 2
    @(5.5032 mm, 130.2789 mm): Zone [FIELD_GND] on B.Cu, priority 2
[unconnected_items]: Missing connection between items
    Local override; error
    @(5.5199 mm, 130.5344 mm): Zone [FIELD_GND] on F.Cu, priority 2
    @(5.5032 mm, 130.2789 mm): Zone [FIELD_GND] on B.Cu, priority 2
[unconnected_items]: Missing connection between items
    Local override; error
    @(5.5199 mm, 130.5344 mm): Zone [FIELD_GND] on F.Cu, priority 2
    @(5.5199 mm, 130.5344 mm): Zone [FIELD_GND] on F.Cu, priority 2
[unconnected_items]: Missing connection between items
    Local override; error
    @(5.5032 mm, 130.2789 mm): Zone [FIELD_GND] on B.Cu, priority 2
    @(5.5199 mm, 130.5344 mm): Zone [FIELD_GND] on F.Cu, priority 2
[unconnected_items]: Missing connection between items
    Local override; error
    @(5.5032 mm, 130.2789 mm): Zone [FIELD_GND] on B.Cu, priority 2
    @(5.5199 mm, 130.5344 mm): Zone [FIELD_GND] on F.Cu, priority 2
[unconnected_items]: Missing connection between items
    Local override; error
    @(5.5032 mm, 130.2789 mm): Zone [FIELD_GND] on B.Cu, priority 2
    @(5.5032 mm, 130.2789 mm): Zone [FIELD_GND] on B.Cu, priority 2
[unconnected_items]: Missing connection between items
    Local override; error
    @(5.5032 mm, 130.2789 mm): Zone [FIELD_GND] on B.Cu, priority 2
    @(5.5199 mm, 130.5344 mm): Zone [FIELD_GND] on F.Cu, priority 2
[unconnected_items]: Missing connection between items
    Local override; error
    @(5.5199 mm, 130.5344 mm): Zone [FIELD_GND] on F.Cu, priority 2
    @(5.5199 mm, 130.5344 mm): Zone [FIELD_GND] on F.Cu, priority 2
[unconnected_items]: Missing connection between items
    Local override; error
    @(5.5032 mm, 130.2789 mm): Zone [FIELD_GND] on B.Cu, priority 2
    @(5.5032 mm, 130.2789 mm): Zone [FIELD_GND] on B.Cu, priority 2
[unconnected_items]: Missing connection between items
    Local override; error
    @(5.5032 mm, 130.2789 mm): Zone [FIELD_GND] on B.Cu, priority 2
    @(5.5032 mm, 130.2789 mm): Zone [FIELD_GND] on B.Cu, priority 2
[unconnected_items]: Missing connection between items
    Local override; error
    @(5.5199 mm, 130.5344 mm): Zone [FIELD_GND] on F.Cu, priority 2
    @(5.5719 mm, 84.4299 mm): Zone [FIELD_GND] on F.Cu, priority 2
[unconnected_items]: Missing connection between items
    Local override; error
    @(5.5032 mm, 130.2789 mm): Zone [FIELD_GND] on B.Cu, priority 2
    @(5.5032 mm, 130.2789 mm): Zone [FIELD_GND] on B.Cu, priority 2
[unconnected_items]: Missing connection between items
    Local override; error
    @(5.5032 mm, 130.2789 mm): Zone [FIELD_GND] on B.Cu, priority 2
    @(5.5032 mm, 130.2789 mm): Zone [FIELD_GND] on B.Cu, priority 2
[unconnected_items]: Missing connection between items
    Local override; error
    @(148.8863 mm, 16.8500 mm): Track [+3V3] on F.Cu, length 121.3213 mm
    @(72.9200 mm, 28.8800 mm): Track [+3V3] on F.Cu, length 9.2900 mm
[unconnected_items]: Missing connection between items
    Local override; error
    @(61.1578 mm, 110.4500 mm): Track [+3V3] on B.Cu, length 1.6875 mm
    @(58.5424 mm, 114.8980 mm): Track [+3V3] on B.Cu, length 1.0579 mm
[unconnected_items]: Missing connection between items
    Local override; error
    @(132.9250 mm, 55.3250 mm): Track [+3V3] on F.Cu, length 23.2000 mm
    @(140.3545 mm, 109.5250 mm): Track [+3V3] on F.Cu, length 5.8336 mm
[unconnected_items]: Missing connection between items
    Local override; error
    @(5.4000 mm, 106.8363 mm): Zone [LOGIC_GND] on B.Cu, priority 3
    @(18.2198 mm, 112.9232 mm): Zone [LOGIC_GND] on F.Cu, priority 1
[unconnected_items]: Missing connection between items
    Local override; error
    @(18.2198 mm, 112.9232 mm): Zone [LOGIC_GND] on F.Cu, priority 1
    @(5.4000 mm, 106.8363 mm): Zone [LOGIC_GND] on B.Cu, priority 3
[unconnected_items]: Missing connection between items
    Local override; error
    @(18.2198 mm, 112.9232 mm): Zone [LOGIC_GND] on F.Cu, priority 1
    @(5.4000 mm, 106.8363 mm): Zone [LOGIC_GND] on B.Cu, priority 3
[unconnected_items]: Missing connection between items
    Local override; error
    @(5.4000 mm, 106.8363 mm): Zone [LOGIC_GND] on B.Cu, priority 3
    @(18.2198 mm, 112.9232 mm): Zone [LOGIC_GND] on F.Cu, priority 1
[unconnected_items]: Missing connection between items
    Local override; error
    @(5.4000 mm, 106.8363 mm): Zone [LOGIC_GND] on B.Cu, priority 3
    @(18.2198 mm, 112.9232 mm): Zone [LOGIC_GND] on F.Cu, priority 1
[unconnected_items]: Missing connection between items
    Local override; error
    @(10.0500 mm, 9.9000 mm): Zone [LOGIC_GND] on B.Cu, priority 3
    @(10.3809 mm, 10.4500 mm): Zone [LOGIC_GND] on F.Cu, priority 3
[unconnected_items]: Missing connection between items
    Local override; error
    @(97.4750 mm, 106.2750 mm): Track [LOGIC_GND] on F.Cu, length 0.9012 mm
    @(93.0500 mm, 73.5750 mm): Via [LOGIC_GND] on F.Cu - B.Cu
[unconnected_items]: Missing connection between items
    Local override; error
    @(108.1549 mm, 105.3700 mm): PTH pad 32 [GND] of U1
    @(110.6949 mm, 105.3700 mm): PTH pad 34 [GND] of U1
[unconnected_items]: Missing connection between items
    Local override; error
    @(110.6949 mm, 105.3700 mm): PTH pad 34 [GND] of U1
    @(113.2349 mm, 105.3700 mm): PTH pad 36 [GND] of U1
[unconnected_items]: Missing connection between items
    Local override; error
    @(113.2349 mm, 105.3700 mm): PTH pad 36 [GND] of U1
    @(115.7749 mm, 105.3700 mm): PTH pad 38 [GND] of U1
[unconnected_items]: Missing connection between items
    Local override; error
    @(115.7749 mm, 105.3700 mm): PTH pad 38 [GND] of U1
    @(118.3149 mm, 105.3700 mm): PTH pad 40 [GND] of U1
[unconnected_items]: Missing connection between items
    Local override; error
    @(118.3149 mm, 105.3700 mm): PTH pad 40 [GND] of U1
    @(120.8549 mm, 105.3700 mm): PTH pad 42 [GND] of U1
[unconnected_items]: Missing connection between items
    Local override; error
    @(120.8549 mm, 105.3700 mm): PTH pad 42 [GND] of U1
    @(123.3949 mm, 105.3700 mm): PTH pad 44 [GND] of U1
[unconnected_items]: Missing connection between items
    Local override; error
    @(123.3949 mm, 105.3700 mm): PTH pad 44 [GND] of U1
    @(125.9349 mm, 105.3700 mm): PTH pad 46 [GND] of U1

** Found 0 Footprint errors **

** Ignored checks **
    - Footprint has no courtyard defined
    - Track endpoint not centered on via
    - Tuning profile track geometries
    - Footprint doesn't match symbol's footprint filters
    - PTH inside courtyard
    - NPTH inside courtyard
    - Footprint component type doesn't match footprint pads

** End of Report **
